0.217148 0.145449 0.192214 0.055203 0.053586 0.016489 0.039808 0.077428 0.124722 0.077954 