0.224402 0.372158 0.092104 0.024883 0.185067 0.101386 