0.114131 0.039068 0.160152 0.042285 0.584679 0.022708 0.036977 