0.081728 0.045060 0.060935 0.115289 0.143915 0.187561 0.179586 0.185924 