0.076385 0.031955 0.113411 0.088871 0.122425 0.150434 0.051885 0.121187 0.243447 