0.085566 0.015336 0.046123 0.177353 0.060570 0.153512 0.135877 0.083447 0.149077 0.093141 